{
  "subject": "Hawkeye being epic in other roles",
  "webms": [
    {
      "filename": "1534288775634",
      "url": "https://i.4cdn.org/wsg/1534332395477.webm",
      "thumbnail": "https://i.4cdn.org/wsg/1534332395477s.jpg"
    },
    {
      "filename": "1534288802449",
      "url": "https://i.4cdn.org/wsg/1534332452014.webm",
      "thumbnail": "https://i.4cdn.org/wsg/1534332452014s.jpg"
    },
    {
      "filename": "1534288878879",
      "url": "https://i.4cdn.org/wsg/1534332526405.webm",
      "thumbnail": "https://i.4cdn.org/wsg/1534332526405s.jpg"
    },
    {
      "filename": "Dahmer (2002)",
      "url": "https://i.4cdn.org/wsg/1534799616292.webm",
      "thumbnail": "https://i.4cdn.org/wsg/1534799616292s.jpg"
    },
    {
      "filename": "Bourne_legacy",
      "url": "https://i.4cdn.org/wsg/1535117894788.webm",
      "thumbnail": "https://i.4cdn.org/wsg/1535117894788s.jpg"
    }
  ]
}