{
  "webms": [
    {
      "filename": "16 Sorts - Disparity Circle",
      "url": "https://i.4cdn.org/wsg/1534967426150.webm",
      "thumbnail": "https://i.4cdn.org/wsg/1534967426150s.jpg"
    }
  ]
}